18:35:09 **** Incremental Build of configuration Debug for project read_idcode ****
make all 
'Building file: ../src/xhwicap_low_level_example.c'
'Invoking: MicroBlaze gcc compiler'
mb-gcc -Wall -O0 -g3 -c -fmessage-length=0 -MT"src/xhwicap_low_level_example.o" -IC:/Users/openfpga/Desktop/project/golden/example3/vitis_ide/k7_platform/export/k7_platform/sw/k7_platform/standalone_domain/bspinclude/include -mlittle-endian -mcpu=v11.0 -mxl-soft-mul -Wl,--no-relax -ffunction-sections -fdata-sections -MMD -MP -MF"src/xhwicap_low_level_example.d" -MT"src/xhwicap_low_level_example.o" -o "src/xhwicap_low_level_example.o" "../src/xhwicap_low_level_example.c"
'Finished building: ../src/xhwicap_low_level_example.c'
' '
'Building target: read_idcode.elf'
'Invoking: MicroBlaze gcc linker'
mb-gcc -Wl,-T -Wl,../src/lscript.ld -LC:/Users/openfpga/Desktop/project/golden/example3/vitis_ide/k7_platform/export/k7_platform/sw/k7_platform/standalone_domain/bsplib/lib -mlittle-endian -mcpu=v11.0 -mxl-soft-mul -Wl,--no-relax -Wl,--gc-sections -o "read_idcode.elf"  ./src/xhwicap_low_level_example.o   -Wl,--start-group,-lxil,-lgcc,-lc,--end-group
'Finished building target: read_idcode.elf'
' '
'Invoking: MicroBlaze Print Size'
mb-size read_idcode.elf  |tee "read_idcode.elf.size"
   text	   data	    bss	    dec	    hex	filename
   6512	    356	   3108	   9976	   26f8	read_idcode.elf
'Finished building: read_idcode.elf.size'
' '

18:35:10 Build Finished (took 412ms)

