20:54:02 **** Incremental Build of configuration Debug for project spi_flash_rw ****
make all 
'Building file: ../src/flash_qspi_rw.c'
'Invoking: MicroBlaze gcc compiler'
mb-gcc -Wall -O0 -g3 -c -fmessage-length=0 -MT"src/flash_qspi_rw.o" -IC:/Users/openfpga/Desktop/project/golden/example9_2/vitis_ide_v3/7k325t_platform/export/7k325t_platform/sw/7k325t_platform/standalone_domain/bspinclude/include -mlittle-endian -mcpu=v11.0 -mxl-soft-mul -Wl,--no-relax -ffunction-sections -fdata-sections -MMD -MP -MF"src/flash_qspi_rw.d" -MT"src/flash_qspi_rw.o" -o "src/flash_qspi_rw.o" "../src/flash_qspi_rw.c"
../src/flash_qspi_rw.c: In function 'main':
../src/flash_qspi_rw.c:142:49: warning: initialization of 'char *' from 'int' makes pointer from integer without a cast [-Wint-conversion]
  142 | #define FLASH_TEST_ADDRESS1                     0x00F50000
      |                                                 ^~~~~~~~~~
../src/flash_qspi_rw.c:231:20: note: in expansion of macro 'FLASH_TEST_ADDRESS1'
  231 |         char* hex= FLASH_TEST_ADDRESS1;
      |                    ^~~~~~~~~~~~~~~~~~~
../src/flash_qspi_rw.c:286:71: warning: passing argument 1 of 'read_rs232' from incompatible pointer type [-Wincompatible-pointer-types]
  286 |                                         input_deci_data = read_rs232 (&hex, nbytes_temp);
      |                                                                       ^~~~
      |                                                                       |
      |                                                                       char **
../src/flash_qspi_rw.c:194:23: note: expected 'char *' but argument is of type 'char **'
  194 | int read_rs232 (char* buf, int nbytes);
      |                 ~~~~~~^~~
../src/flash_qspi_rw.c:289:94: warning: passing argument 1 of 'convertToDecimal' from incompatible pointer type [-Wincompatible-pointer-types]
  289 |                                                                 StartAddr = convertToDecimal(&hex);
      |                                                                                              ^~~~
      |                                                                                              |
      |                                                                                              char **
../src/flash_qspi_rw.c:191:43: note: expected 'const char *' but argument is of type 'char **'
  191 | unsigned int convertToDecimal(char const* hexstring);
      |                               ~~~~~~~~~~~~^~~~~~~~~
../src/flash_qspi_rw.c:298:71: warning: passing argument 1 of 'read_rs232' from incompatible pointer type [-Wincompatible-pointer-types]
  298 |                                         input_deci_data = read_rs232 (&hex, nbytes_temp);
      |                                                                       ^~~~
      |                                                                       |
      |                                                                       char **
../src/flash_qspi_rw.c:194:23: note: expected 'char *' but argument is of type 'char **'
  194 | int read_rs232 (char* buf, int nbytes);
      |                 ~~~~~~^~~
../src/flash_qspi_rw.c:301:89: warning: passing argument 1 of 'convertToDecimal' from incompatible pointer type [-Wincompatible-pointer-types]
  301 |                                                         NoByteToRead = convertToDecimal(&hex);
      |                                                                                         ^~~~
      |                                                                                         |
      |                                                                                         char **
../src/flash_qspi_rw.c:191:43: note: expected 'const char *' but argument is of type 'char **'
  191 | unsigned int convertToDecimal(char const* hexstring);
      |                               ~~~~~~~~~~~~^~~~~~~~~
../src/flash_qspi_rw.c:317:79: warning: passing argument 1 of 'read_rs232' from incompatible pointer type [-Wincompatible-pointer-types]
  317 |                                                 input_deci_data = read_rs232 (&hex, nbytes_temp);
      |                                                                               ^~~~
      |                                                                               |
      |                                                                               char **
../src/flash_qspi_rw.c:194:23: note: expected 'char *' but argument is of type 'char **'
  194 | int read_rs232 (char* buf, int nbytes);
      |                 ~~~~~~^~~
../src/flash_qspi_rw.c:320:102: warning: passing argument 1 of 'convertToDecimal' from incompatible pointer type [-Wincompatible-pointer-types]
  320 |                                                                         StartAddr = convertToDecimal(&hex);
      |                                                                                                      ^~~~
      |                                                                                                      |
      |                                                                                                      char **
../src/flash_qspi_rw.c:191:43: note: expected 'const char *' but argument is of type 'char **'
  191 | unsigned int convertToDecimal(char const* hexstring);
      |                               ~~~~~~~~~~~~^~~~~~~~~
../src/flash_qspi_rw.c:329:79: warning: passing argument 1 of 'read_rs232' from incompatible pointer type [-Wincompatible-pointer-types]
  329 |                                                 input_deci_data = read_rs232 (&hex, nbytes_temp);
      |                                                                               ^~~~
      |                                                                               |
      |                                                                               char **
../src/flash_qspi_rw.c:194:23: note: expected 'char *' but argument is of type 'char **'
  194 | int read_rs232 (char* buf, int nbytes);
      |                 ~~~~~~^~~
../src/flash_qspi_rw.c:332:105: warning: passing argument 1 of 'convertToDecimal' from incompatible pointer type [-Wincompatible-pointer-types]
  332 |                                                                         NoByteToRead = convertToDecimal(&hex);
      |                                                                                                         ^~~~
      |                                                                                                         |
      |                                                                                                         char **
../src/flash_qspi_rw.c:191:43: note: expected 'const char *' but argument is of type 'char **'
  191 | unsigned int convertToDecimal(char const* hexstring);
      |                               ~~~~~~~~~~~~^~~~~~~~~
../src/flash_qspi_rw.c:347:71: warning: passing argument 1 of 'read_rs232' from incompatible pointer type [-Wincompatible-pointer-types]
  347 |                                         input_deci_data = read_rs232 (&hex, nbytes_temp);
      |                                                                       ^~~~
      |                                                                       |
      |                                                                       char **
../src/flash_qspi_rw.c:194:23: note: expected 'char *' but argument is of type 'char **'
  194 | int read_rs232 (char* buf, int nbytes);
      |                 ~~~~~~^~~
../src/flash_qspi_rw.c:350:94: warning: passing argument 1 of 'convertToDecimal' from incompatible pointer type [-Wincompatible-pointer-types]
  350 |                                                                 StartAddr = convertToDecimal(&hex);
      |                                                                                              ^~~~
      |                                                                                              |
      |                                                                                              char **
../src/flash_qspi_rw.c:191:43: note: expected 'const char *' but argument is of type 'char **'
  191 | unsigned int convertToDecimal(char const* hexstring);
      |                               ~~~~~~~~~~~~^~~~~~~~~
../src/flash_qspi_rw.c:359:71: warning: passing argument 1 of 'read_rs232' from incompatible pointer type [-Wincompatible-pointer-types]
  359 |                                         input_deci_data = read_rs232 (&hex, nbytes_temp);
      |                                                                       ^~~~
      |                                                                       |
      |                                                                       char **
../src/flash_qspi_rw.c:194:23: note: expected 'char *' but argument is of type 'char **'
  194 | int read_rs232 (char* buf, int nbytes);
      |                 ~~~~~~^~~
../src/flash_qspi_rw.c:362:89: warning: passing argument 1 of 'convertToDecimal' from incompatible pointer type [-Wincompatible-pointer-types]
  362 |                                                         NoByteToRead = convertToDecimal(&hex);
      |                                                                                         ^~~~
      |                                                                                         |
      |                                                                                         char **
../src/flash_qspi_rw.c:191:43: note: expected 'const char *' but argument is of type 'char **'
  191 | unsigned int convertToDecimal(char const* hexstring);
      |                               ~~~~~~~~~~~~^~~~~~~~~
../src/flash_qspi_rw.c: In function 'read_rs232':
../src/flash_qspi_rw.c:407:8: warning: suggest explicit braces to avoid ambiguous 'else' [-Wdangling-else]
  407 |     if (*(buf + i) == '\b')
      |        ^
../src/flash_qspi_rw.c: In function 'convertToDecimal':
../src/flash_qspi_rw.c:432:38: warning: comparison between pointer and integer
  432 |         while( ( (charhex = *inpstr) != NULL ) && ((charhex = *inpstr) != '\r') && ((charhex = *inpstr) != '\n'))
      |                                      ^~
'Finished building: ../src/flash_qspi_rw.c'
' '
'Building target: spi_flash_rw.elf'
'Invoking: MicroBlaze gcc linker'
mb-gcc -Wl,-T -Wl,../src/lscript.ld -LC:/Users/openfpga/Desktop/project/golden/example9_2/vitis_ide_v3/7k325t_platform/export/7k325t_platform/sw/7k325t_platform/standalone_domain/bsplib/lib -mlittle-endian -mcpu=v11.0 -mxl-soft-mul -Wl,--no-relax -Wl,--gc-sections -o "spi_flash_rw.elf"  ./src/flash_qspi_rw.o   -Wl,--start-group,-lxil,-lgcc,-lc,--end-group
'Finished building target: spi_flash_rw.elf'
' '
'Invoking: MicroBlaze Print Size'
mb-size spi_flash_rw.elf  |tee "spi_flash_rw.elf.size"
   text	   data	    bss	    dec	    hex	filename
  39704	   1416	   3976	  45096	   b028	spi_flash_rw.elf
'Finished building: spi_flash_rw.elf.size'
' '

20:54:02 Build Finished (took 482ms)

