21:52:35 **** Build of project 7k325t_platform ****
buildplatform.bat 5492 7k325t_platform  
'\gnu\microblaze\lin\bin\' 不是内部或外部命令，也不是可运行的程序
或批处理文件。
'\gnu\microblaze\nt\bin\' 不是内部或外部命令，也不是可运行的程序
或批处理文件。
'\gnuwin\bin\' 不是内部或外部命令，也不是可运行的程序
或批处理文件。
XSDB Server Channel: tcfchan#9
Building the BSP Library for domain  - standalone_domain on processor microblaze_0
make --no-print-directory seq_libs

'Finished building libraries sequentially.'

make -j 18 --no-print-directory par_libs

"Running Make include in microblaze_0/libsrc/bram_v4_10/src"

make -C microblaze_0/libsrc/bram_v4_10/src -s include  "SHELL=CMD" "COMPILER=mb-gcc" "ASSEMBLER=mb-as" "ARCHIVER=mb-ar" "COMPIL
ER_FLAGS=  -O2 -c -mcpu=v11.0 -mlittle-endian -mxl-soft-mul" "EXTRA_COMPILER_FLAGS=-g -ffunction-sections -fdata-sections -Wall
 -Wextra -fno-tree-loop-distribute-patterns"

"Running Make include in microblaze_0/libsrc/cpu_v2_18/src"

make -C microblaze_0/libsrc/cpu_v2_18/src -s include  "SHELL=CMD" "COMPILER=mb-gcc" "ASSEMBLER=mb-as" "ARCHIVER=mb-ar" "COMPILE
R_FLAGS=  -O2 -c -mcpu=v11.0 -mlittle-endian -mxl-soft-mul" "EXTRA_COMPILER_FLAGS=-g -ffunction-sections -fdata-sections -Wall 
-Wextra -fno-tree-loop-distribute-patterns"

"Running Make include in microblaze_0/libsrc/gpio_v4_11/src"

make -C microblaze_0/libsrc/gpio_v4_11/src -s include  "SHELL=CMD" "COMPILER=mb-gcc" "ASSEMBLER=mb-as" "ARCHIVER=mb-ar" "COMPIL
ER_FLAGS=  -O2 -c -mcpu=v11.0 -mlittle-endian -mxl-soft-mul" "EXTRA_COMPILER_FLAGS=-g -ffunction-sections -fdata-sections -Wall
 -Wextra -fno-tree-loop-distribute-patterns"

"Running Make include in microblaze_0/libsrc/hwicap_v11_6/src"

make -C microblaze_0/libsrc/hwicap_v11_6/src -s include  "SHELL=CMD" "COMPILER=mb-gcc" "ASSEMBLER=mb-as" "ARCHIVER=mb-ar" "COMP
ILER_FLAGS=  -O2 -c -mcpu=v11.0 -mlittle-endian -mxl-soft-mul" "EXTRA_COMPILER_FLAGS=-g -ffunction-sections -fdata-sections -Wa
ll -Wextra -fno-tree-loop-distribute-patterns"

"Running Make include in microblaze_0/libsrc/intc_v3_18/src"

make -C microblaze_0/libsrc/intc_v3_18/src -s include  "SHELL=CMD" "COMPILER=mb-gcc" "ASSEMBLER=mb-as" "ARCHIVER=mb-ar" "COMPIL
ER_FLAGS=  -O2 -c -mcpu=v11.0 -mlittle-endian -mxl-soft-mul" "EXTRA_COMPILER_FLAGS=-g -ffunction-sections -fdata-sections -Wall
 -Wextra -fno-tree-loop-distribute-patterns"

"Running Make include in microblaze_0/libsrc/standalone_v9_1/src"

make -C microblaze_0/libsrc/standalone_v9_1/src -s include  "SHELL=CMD" "COMPILER=mb-gcc" "ASSEMBLER=mb-as" "ARCHIVER=mb-ar" "C
OMPILER_FLAGS=  -O2 -c -mcpu=v11.0 -mlittle-endian -mxl-soft-mul" "EXTRA_COMPILER_FLAGS=-g -ffunction-sections -fdata-sections 
-Wall -Wextra -fno-tree-loop-distribute-patterns"

"Running Make include in microblaze_0/libsrc/tmrctr_v4_12/src"

make -C microblaze_0/libsrc/tmrctr_v4_12/src -s include  "SHELL=CMD" "COMPILER=mb-gcc" "ASSEMBLER=mb-as" "ARCHIVER=mb-ar" "COMP
ILER_FLAGS=  -O2 -c -mcpu=v11.0 -mlittle-endian -mxl-soft-mul" "EXTRA_COMPILER_FLAGS=-g -ffunction-sections -fdata-sections -Wa
ll -Wextra -fno-tree-loop-distribute-patterns"

"Running Make include in microblaze_0/libsrc/uartlite_v3_10/src"

make -C microblaze_0/libsrc/uartlite_v3_10/src -s include  "SHELL=CMD" "COMPILER=mb-gcc" "ASSEMBLER=mb-as" "ARCHIVER=mb-ar" "CO
MPILER_FLAGS=  -O2 -c -mcpu=v11.0 -mlittle-endian -mxl-soft-mul" "EXTRA_COMPILER_FLAGS=-g -ffunction-sections -fdata-sections -
Wall -Wextra -fno-tree-loop-distribute-patterns"

"Running Make libs in microblaze_0/libsrc/bram_v4_10/src"

make -C microblaze_0/libsrc/bram_v4_10/src -s libs  "SHELL=CMD" "COMPILER=mb-gcc" "ASSEMBLER=mb-as" "ARCHIVER=mb-ar" "COMPILER_
FLAGS=  -O2 -c -mcpu=v11.0 -mlittle-endian -mxl-soft-mul" "EXTRA_COMPILER_FLAGS=-g -ffunction-sections -fdata-sections -Wall -W
extra -fno-tree-loop-distribute-patterns"

"Running Make libs in microblaze_0/libsrc/cpu_v2_18/src"

make -C microblaze_0/libsrc/cpu_v2_18/src -s libs  "SHELL=CMD" "COMPILER=mb-gcc" "ASSEMBLER=mb-as" "ARCHIVER=mb-ar" "COMPILER_F
LAGS=  -O2 -c -mcpu=v11.0 -mlittle-endian -mxl-soft-mul" "EXTRA_COMPILER_FLAGS=-g -ffunction-sections -fdata-sections -Wall -We
xtra -fno-tree-loop-distribute-patterns"

"Running Make libs in microblaze_0/libsrc/gpio_v4_11/src"

make -C microblaze_0/libsrc/gpio_v4_11/src -s libs  "SHELL=CMD" "COMPILER=mb-gcc" "ASSEMBLER=mb-as" "ARCHIVER=mb-ar" "COMPILER_
FLAGS=  -O2 -c -mcpu=v11.0 -mlittle-endian -mxl-soft-mul" "EXTRA_COMPILER_FLAGS=-g -ffunction-sections -fdata-sections -Wall -W
extra -fno-tree-loop-distribute-patterns"

"Running Make libs in microblaze_0/libsrc/hwicap_v11_6/src"

make -C microblaze_0/libsrc/hwicap_v11_6/src -s libs  "SHELL=CMD" "COMPILER=mb-gcc" "ASSEMBLER=mb-as" "ARCHIVER=mb-ar" "COMPILE
R_FLAGS=  -O2 -c -mcpu=v11.0 -mlittle-endian -mxl-soft-mul" "EXTRA_COMPILER_FLAGS=-g -ffunction-sections -fdata-sections -Wall 
-Wextra -fno-tree-loop-distribute-patterns"

"Running Make libs in microblaze_0/libsrc/intc_v3_18/src"

make -C microblaze_0/libsrc/intc_v3_18/src -s libs  "SHELL=CMD" "COMPILER=mb-gcc" "ASSEMBLER=mb-as" "ARCHIVER=mb-ar" "COMPILER_
FLAGS=  -O2 -c -mcpu=v11.0 -mlittle-endian -mxl-soft-mul" "EXTRA_COMPILER_FLAGS=-g -ffunction-sections -fdata-sections -Wall -W
extra -fno-tree-loop-distribute-patterns"

"Running Make libs in microblaze_0/libsrc/standalone_v9_1/src"

make -C microblaze_0/libsrc/standalone_v9_1/src -s libs  "SHELL=CMD" "COMPILER=mb-gcc" "ASSEMBLER=mb-as" "ARCHIVER=mb-ar" "COMP
ILER_FLAGS=  -O2 -c -mcpu=v11.0 -mlittle-endian -mxl-soft-mul" "EXTRA_COMPILER_FLAGS=-g -ffunction-sections -fdata-sections -Wa
ll -Wextra -fno-tree-loop-distribute-patterns"

"Running Make libs in microblaze_0/libsrc/tmrctr_v4_12/src"

make -C microblaze_0/libsrc/tmrctr_v4_12/src -s libs  "SHELL=CMD" "COMPILER=mb-gcc" "ASSEMBLER=mb-as" "ARCHIVER=mb-ar" "COMPILE
R_FLAGS=  -O2 -c -mcpu=v11.0 -mlittle-endian -mxl-soft-mul" "EXTRA_COMPILER_FLAGS=-g -ffunction-sections -fdata-sections -Wall 
-Wextra -fno-tree-loop-distribute-patterns"

"Running Make libs in microblaze_0/libsrc/uartlite_v3_10/src"

make -C microblaze_0/libsrc/uartlite_v3_10/src -s libs  "SHELL=CMD" "COMPILER=mb-gcc" "ASSEMBLER=mb-as" "ARCHIVER=mb-ar" "COMPI
LER_FLAGS=  -O2 -c -mcpu=v11.0 -mlittle-endian -mxl-soft-mul" "EXTRA_COMPILER_FLAGS=-g -ffunction-sections -fdata-sections -Wal
l -Wextra -fno-tree-loop-distribute-patterns"

xhwicap.c:111:20: warning: excess elements in array initializer
  111 |         0x3931093, 0x396D093
      |                    ^~~~~~~~~
xhwicap.c:111:20: note: (near initialization for 'series_ultra_idcodes')
xhwicap.c:117:9: warning: excess elements in array initializer
  117 |         0x4AC5093, 0x4AC4093, 0x4A65093, 0x4A64093, 0x4ACF093, 0x4BA1093,
      |         ^~~~~~~~~
xhwicap.c:117:9: note: (near initialization for 'series_ultra_plus_idcodes')
xhwicap.c:117:20: warning: excess elements in array initializer
  117 |         0x4AC5093, 0x4AC4093, 0x4A65093, 0x4A64093, 0x4ACF093, 0x4BA1093,
      |                    ^~~~~~~~~
xhwicap.c:117:20: note: (near initialization for 'series_ultra_plus_idcodes')
xhwicap.c:117:31: warning: excess elements in array initializer
  117 |         0x4AC5093, 0x4AC4093, 0x4A65093, 0x4A64093, 0x4ACF093, 0x4BA1093,
      |                               ^~~~~~~~~
xhwicap.c:117:31: note: (near initialization for 'series_ultra_plus_idcodes')
xhwicap.c:117:42: warning: excess elements in array initializer
  117 |         0x4AC5093, 0x4AC4093, 0x4A65093, 0x4A64093, 0x4ACF093, 0x4BA1093,
      |                                          ^~~~~~~~~
xhwicap.c:117:42: note: (near initialization for 'series_ultra_plus_idcodes')
xhwicap.c:117:53: warning: excess elements in array initializer
  117 |         0x4AC5093, 0x4AC4093, 0x4A65093, 0x4A64093, 0x4ACF093, 0x4BA1093,
      |                                                     ^~~~~~~~~
xhwicap.c:117:53: note: (near initialization for 'series_ultra_plus_idcodes')
xhwicap.c:117:64: warning: excess elements in array initializer
  117 |         0x4AC5093, 0x4AC4093, 0x4A65093, 0x4A64093, 0x4ACF093, 0x4BA1093,
      |                                                                ^~~~~~~~~
xhwicap.c:117:64: note: (near initialization for 'series_ultra_plus_idcodes')
xhwicap.c:118:9: warning: excess elements in array initializer
  118 |         0x4ACE093, 0x4B43093, 0x4B41093, 0x4B6B093, 0x4B69093, 0x4B71093,
      |         ^~~~~~~~~
xhwicap.c:118:9: note: (near initialization for 'series_ultra_plus_idcodes')
xhwicap.c:118:20: warning: excess elements in array initializer
  118 |         0x4ACE093, 0x4B43093, 0x4B41093, 0x4B6B093, 0x4B69093, 0x4B71093,
      |                    ^~~~~~~~~
xhwicap.c:118:20: note: (near initialization for 'series_ultra_plus_idcodes')
xhwicap.c:118:31: warning: excess elements in array initializer
  118 |         0x4ACE093, 0x4B43093, 0x4B41093, 0x4B6B093, 0x4B69093, 0x4B71093,
      |                               ^~~~~~~~~
xhwicap.c:118:31: note: (near initialization for 'series_ultra_plus_idcodes')
xhwicap.c:118:42: warning: excess elements in array initializer
  118 |         0x4ACE093, 0x4B43093, 0x4B41093, 0x4B6B093, 0x4B69093, 0x4B71093,
      |                                          ^~~~~~~~~
xhwicap.c:118:42: note: (near initialization for 'series_ultra_plus_idcodes')
xhwicap.c:118:53: warning: excess elements in array initializer
  118 |         0x4ACE093, 0x4B43093, 0x4B41093, 0x4B6B093, 0x4B69093, 0x4B71093,
      |                                                     ^~~~~~~~~
xhwicap.c:118:53: note: (near initialization for 'series_ultra_plus_idcodes')
xhwicap.c:118:64: warning: excess elements in array initializer
  118 |         0x4ACE093, 0x4B43093, 0x4B41093, 0x4B6B093, 0x4B69093, 0x4B71093,
      |                                                                ^~~~~~~~~
xhwicap.c:118:64: note: (near initialization for 'series_ultra_plus_idcodes')
xhwicap.c:119:9: warning: excess elements in array initializer
  119 |         0x4B79093, 0x4B73093, 0x4B7B093, 0x4B61093
      |         ^~~~~~~~~
xhwicap.c:119:9: note: (near initialization for 'series_ultra_plus_idcodes')
xhwicap.c:119:20: warning: excess elements in array initializer
  119 |         0x4B79093, 0x4B73093, 0x4B7B093, 0x4B61093
      |                    ^~~~~~~~~
xhwicap.c:119:20: note: (near initialization for 'series_ultra_plus_idcodes')
xhwicap.c:119:31: warning: excess elements in array initializer
  119 |         0x4B79093, 0x4B73093, 0x4B7B093, 0x4B61093
      |                               ^~~~~~~~~
xhwicap.c:119:31: note: (near initialization for 'series_ultra_plus_idcodes')
xhwicap.c:119:42: warning: excess elements in array initializer
  119 |         0x4B79093, 0x4B73093, 0x4B7B093, 0x4B61093
      |                                          ^~~~~~~~~
xhwicap.c:119:42: note: (near initialization for 'series_ultra_plus_idcodes')
xintc.c: In function 'XIntc_Initialize':
xintc.c:131:17: warning: unused variable 'vector_base' [-Wunused-variable]
  131 |         UINTPTR vector_base;
      |                 ^~~~~~~~~~~
microblaze_sleep.c:83:9: note: '#pragma message: For the sleep routines, assembly instructions are used'
   83 | #pragma message ("For the sleep routines, assembly instructions are used")
      |         ^~~~~~~
"DEBUG NON_LTO_OBJECTS is ../../../lib/microblaze_interrupt_handler.o"

'Finished building libraries parallelly.'

make --no-print-directory archive

mb-ar -r  microblaze_0/lib/libxil.a microblaze_0/lib/_exit.o microblaze_0/lib/errno.o microblaze_0/lib/fcntl.o microblaze_0/lib
/hw_exception_handler.o microblaze_0/lib/inbyte.o microblaze_0/lib/microblaze_disable_dcache.o microblaze_0/lib/microblaze_disa
ble_exceptions.o microblaze_0/lib/microblaze_disable_icache.o microblaze_0/lib/microblaze_disable_interrupts.o microblaze_0/lib
/microblaze_enable_dcache.o microblaze_0/lib/microblaze_enable_exceptions.o microblaze_0/lib/microblaze_enable_icache.o microbl
aze_0/lib/microblaze_enable_interrupts.o microblaze_0/lib/microblaze_exception_handler.o microblaze_0/lib/microblaze_flush_cach
e_ext.o microblaze_0/lib/microblaze_flush_cache_ext_range.o microblaze_0/lib/microblaze_flush_dcache.o microblaze_0/lib/microbl
aze_flush_dcache_range.o microblaze_0/lib/microblaze_init_dcache_range.o microblaze_0/lib/microblaze_init_icache_range.o microb
laze_0/lib/microblaze_interrupt_handler.o microblaze_0/lib/microblaze_interrupts_g.o microblaze_0/lib/microblaze_invalidate_cac
he_ext.o microblaze_0/lib/microblaze_invalidate_cache_ext_range.o microblaze_0/lib/microblaze_invalidate_dcache.o microblaze_0/
lib/microblaze_invalidate_dcache_range.o microblaze_0/lib/microblaze_invalidate_icache.o microblaze_0/lib/microblaze_invalidate
_icache_range.o microblaze_0/lib/microblaze_scrub.o microblaze_0/lib/microblaze_selftest.o microblaze_0/lib/microblaze_sleep.o 
microblaze_0/lib/microblaze_update_dcache.o microblaze_0/lib/microblaze_update_icache.o microblaze_0/lib/outbyte.o microblaze_0
/lib/print.o microblaze_0/lib/pvr.o microblaze_0/lib/xbram.o microblaze_0/lib/xbram_g.o microblaze_0/lib/xbram_intr.o microblaz
e_0/lib/xbram_selftest.o microblaze_0/lib/xbram_sinit.o microblaze_0/lib/xgpio.o microblaze_0/lib/xgpio_extra.o microblaze_0/li
b/xgpio_g.o microblaze_0/lib/xgpio_intr.o microblaze_0/lib/xgpio_selftest.o microblaze_0/lib/xgpio_sinit.o microblaze_0/lib/xhw
icap.o microblaze_0/lib/xhwicap_device_read_frame.o microblaze_0/lib/xhwicap_device_write_frame.o microblaze_0/lib/xhwicap_g.o 
microblaze_0/lib/xhwicap_intr.o microblaze_0/lib/xhwicap_selftest.o microblaze_0/lib/xhwicap_sinit.o microblaze_0/lib/xhwicap_s
rp.o microblaze_0/lib/xil_assert.o microblaze_0/lib/xil_cache.o microblaze_0/lib/xil_clocking.o microblaze_0/lib/xil_exception.
o microblaze_0/lib/xil_mem.o microblaze_0/lib/xil_misc_psreset_api.o microblaze_0/lib/xil_printf.o microblaze_0/lib/xil_sleepco
mmon.o microblaze_0/lib/xil_testcache.o microblaze_0/lib/xil_testio.o microblaze_0/lib/xil_testmem.o microblaze_0/lib/xil_util.
o microblaze_0/lib/xintc.o microblaze_0/lib/xintc_g.o microblaze_0/lib/xintc_intr.o microblaze_0/lib/xintc_l.o microblaze_0/lib
/xintc_options.o microblaze_0/lib/xintc_selftest.o microblaze_0/lib/xinterrupt_wrap.o microblaze_0/lib/xio.o microblaze_0/lib/x
platform_info.o microblaze_0/lib/xpm_init.o microblaze_0/lib/xtmrctr.o microblaze_0/lib/xtmrctr_g.o microblaze_0/lib/xtmrctr_in
tr.o microblaze_0/lib/xtmrctr_l.o microblaze_0/lib/xtmrctr_options.o microblaze_0/lib/xtmrctr_selftest.o microblaze_0/lib/xtmrc
tr_sinit.o microblaze_0/lib/xtmrctr_stats.o microblaze_0/lib/xuartlite.o microblaze_0/lib/xuartlite_g.o microblaze_0/lib/xuartl
ite_intr.o microblaze_0/lib/xuartlite_l.o microblaze_0/lib/xuartlite_selftest.o microblaze_0/lib/xuartlite_sinit.o microblaze_0
/lib/xuartlite_stats.o

mb-ar: creating microblaze_0/lib/libxil.a
'Finished building libraries'

21:52:38 **** Build of configuration Debug for project golden_iprog ****
make all 
'Building file: ../src/golden.c'
'Invoking: MicroBlaze gcc compiler'
mb-gcc -Wall -O0 -g3 -c -fmessage-length=0 -MT"src/golden.o" -IC:/Users/openfpga/Desktop/project/golden/example3/vitis_ide_v1/7k325t_platform/export/7k325t_platform/sw/7k325t_platform/standalone_domain/bspinclude/include -mlittle-endian -mcpu=v11.0 -mxl-soft-mul -Wl,--no-relax -ffunction-sections -fdata-sections -MMD -MP -MF"src/golden.d" -MT"src/golden.o" -o "src/golden.o" "../src/golden.c"
'Finished building: ../src/golden.c'
' '
'Building file: ../src/xgpio_tapp_example.c'
'Invoking: MicroBlaze gcc compiler'
mb-gcc -Wall -O0 -g3 -c -fmessage-length=0 -MT"src/xgpio_tapp_example.o" -IC:/Users/openfpga/Desktop/project/golden/example3/vitis_ide_v1/7k325t_platform/export/7k325t_platform/sw/7k325t_platform/standalone_domain/bspinclude/include -mlittle-endian -mcpu=v11.0 -mxl-soft-mul -Wl,--no-relax -ffunction-sections -fdata-sections -MMD -MP -MF"src/xgpio_tapp_example.d" -MT"src/xgpio_tapp_example.o" -o "src/xgpio_tapp_example.o" "../src/xgpio_tapp_example.c"
../src/xgpio_tapp_example.c: In function 'GpioOutputExample':
../src/xgpio_tapp_example.c:185:13: warning: unused variable 'Data' [-Wunused-variable]
  185 |         u32 Data;
      |             ^~~~
'Finished building: ../src/xgpio_tapp_example.c'
' '
'Building file: ../src/xhwicap_low_level_example.c'
'Invoking: MicroBlaze gcc compiler'
mb-gcc -Wall -O0 -g3 -c -fmessage-length=0 -MT"src/xhwicap_low_level_example.o" -IC:/Users/openfpga/Desktop/project/golden/example3/vitis_ide_v1/7k325t_platform/export/7k325t_platform/sw/7k325t_platform/standalone_domain/bspinclude/include -mlittle-endian -mcpu=v11.0 -mxl-soft-mul -Wl,--no-relax -ffunction-sections -fdata-sections -MMD -MP -MF"src/xhwicap_low_level_example.d" -MT"src/xhwicap_low_level_example.o" -o "src/xhwicap_low_level_example.o" "../src/xhwicap_low_level_example.c"
../src/xhwicap_low_level_example.c: In function 'fpga_iprog':
../src/xhwicap_low_level_example.c:215:57: warning: passing argument 2 of 'HwIcapLowLevelExample' makes pointer from integer without a cast [-Wint-conversion]
  215 |         Status = HwIcapLowLevelExample(HWICAP_BASEADDR, iprog_address);
      |                                                         ^~~~~~~~~~~~~
      |                                                         |
      |                                                         u32 {aka long unsigned int}
../src/xhwicap_low_level_example.c:185:49: note: expected 'u32 *' {aka 'long unsigned int *'} but argument is of type 'u32' {aka 'long unsigned int'}
  185 | u32 HwIcapLowLevelExample(u32 BaseAddress, u32 *IdCode);
      |                                            ~~~~~^~~~~~
../src/xhwicap_low_level_example.c:206:13: warning: unused variable 'IdCode' [-Wunused-variable]
  206 |         u32 IdCode;
      |             ^~~~~~
../src/xhwicap_low_level_example.c: In function 'HwIcapLowLevelExample':
../src/xhwicap_low_level_example.c:248:9: warning: unused variable 'RegData' [-Wunused-variable]
  248 |     u32 RegData;
      |         ^~~~~~~
'Finished building: ../src/xhwicap_low_level_example.c'
' '
'Building target: golden_iprog.elf'
'Invoking: MicroBlaze gcc linker'
mb-gcc -Wl,-T -Wl,../src/lscript.ld -LC:/Users/openfpga/Desktop/project/golden/example3/vitis_ide_v1/7k325t_platform/export/7k325t_platform/sw/7k325t_platform/standalone_domain/bsplib/lib -mlittle-endian -mcpu=v11.0 -mxl-soft-mul -Wl,--no-relax -Wl,--gc-sections -o "golden_iprog.elf"  ./src/golden.o ./src/xgpio_tapp_example.o ./src/xhwicap_low_level_example.o   -Wl,--start-group,-lxil,-lgcc,-lc,--end-group
'Finished building target: golden_iprog.elf'
' '
'Invoking: MicroBlaze Print Size'
mb-size golden_iprog.elf  |tee "golden_iprog.elf.size"
   text	   data	    bss	    dec	    hex	filename
   9312	    416	   4424	  14152	   3748	golden_iprog.elf
'Finished building: golden_iprog.elf.size'
' '
21:52:38 **** Build of configuration Debug for project golden_iprog_system ****
make all 
Skipping SD card image generation. Reason: "The system project only has applications for microblaze processors."
