Copyright 1986-2022 Xilinx, Inc. All Rights Reserved. Copyright 2022-2024 Advanced Micro Devices, Inc. All Rights Reserved.
---------------------------------------------------------------------------------------------------------------------------------------------
| Tool Version : Vivado v.2024.1 (win64) Build 5076996 Wed May 22 18:37:14 MDT 2024
| Date         : Tue Sep 24 12:38:31 2024
| Host         : MININT-7LTFL4B running 64-bit major release  (build 9200)
| Command      : report_drc -file top_drc_routed.rpt -pb top_drc_routed.pb -rpx top_drc_routed.rpx
| Design       : top
| Device       : xc7vx690tffg1927-2
| Speed File   : -2
| Design State : Fully Routed
---------------------------------------------------------------------------------------------------------------------------------------------

Report DRC

Table of Contents
-----------------
1. REPORT SUMMARY
2. REPORT DETAILS

1. REPORT SUMMARY
-----------------
            Netlist: netlist
          Floorplan: design_1
      Design limits: <entire design considered>
           Ruledeck: default
             Max violations: <unlimited>
             Violations found: 3
+------------+----------+-----------------------------------------------------+------------+
| Rule       | Severity | Description                                         | Violations |
+------------+----------+-----------------------------------------------------+------------+
| CFGBVS-1   | Warning  | Missing CFGBVS and CONFIG_VOLTAGE Design Properties | 1          |
| PORTPROP-2 | Warning  | selectio_diff_term                                  | 2          |
+------------+----------+-----------------------------------------------------+------------+

2. REPORT DETAILS
-----------------
CFGBVS-1#1 Warning
Missing CFGBVS and CONFIG_VOLTAGE Design Properties  
Neither the CFGBVS nor CONFIG_VOLTAGE voltage property is set in the current_design.  Configuration bank voltage select (CFGBVS) must be set to VCCO or GND, and CONFIG_VOLTAGE must be set to the correct configuration voltage, in order to determine the I/O voltage support for the pins in bank 0.  It is suggested to specify these either using the 'Edit Device Properties' function in the GUI or directly in the XDC file using the following syntax:

 set_property CFGBVS value1 [current_design]
 #where value1 is either VCCO or GND

 set_property CONFIG_VOLTAGE value2 [current_design]
 #where value2 is the voltage provided to configuration bank 0

Refer to the device configuration user guide for more information.
Related violations: <none>

PORTPROP-2#1 Warning
selectio_diff_term  
The port sys_clk_n has an invalid DIFF_TERM property value. For the target architecture, IOSTANDARD value DIFF_SSTL15 does not support on-chip input differential termination. The DIFF_TERM property value will be ignored.
Related violations: <none>

PORTPROP-2#2 Warning
selectio_diff_term  
The port sys_clk_p has an invalid DIFF_TERM property value. For the target architecture, IOSTANDARD value DIFF_SSTL15 does not support on-chip input differential termination. The DIFF_TERM property value will be ignored.
Related violations: <none>


